
Optional file libmchp_peripheral.a not found

Optional file libmchp_peripheral_32MX250F128B.a not found
Archive member included because of file (symbol)

c:/program files (x86)/microchip/xc32/v1.44/bin/bin/../../lib/gcc/pic32mx/4.8.3/../../../../pic32mx/lib\libpic32.a(default-bootstrap-exception-handler.o)
                              c:/program files (x86)/microchip/xc32/v1.44/bin/bin/../../lib/gcc/pic32mx/4.8.3/../../../../pic32mx/lib/./proc/32MX250F128B/crt0_mips32r2.o (_bootstrap_exception_handler)
c:/program files (x86)/microchip/xc32/v1.44/bin/bin/../../lib/gcc/pic32mx/4.8.3/../../../../pic32mx/lib\libpic32.a(default-on-reset.o)
                              c:/program files (x86)/microchip/xc32/v1.44/bin/bin/../../lib/gcc/pic32mx/4.8.3/../../../../pic32mx/lib/./proc/32MX250F128B/crt0_mips32r2.o (_on_reset)
c:/program files (x86)/microchip/xc32/v1.44/bin/bin/../../lib/gcc/pic32mx/4.8.3/../../../../pic32mx/lib\libpic32.a(default-on-bootstrap.o)
                              c:/program files (x86)/microchip/xc32/v1.44/bin/bin/../../lib/gcc/pic32mx/4.8.3/../../../../pic32mx/lib/./proc/32MX250F128B/crt0_mips32r2.o (_on_bootstrap)
c:/program files (x86)/microchip/xc32/v1.44/bin/bin/../../lib/gcc/pic32mx/4.8.3/../../../../pic32mx/lib\libpic32.a(default-nmi-handler.o)
                              c:/program files (x86)/microchip/xc32/v1.44/bin/bin/../../lib/gcc/pic32mx/4.8.3/../../../../pic32mx/lib/./proc/32MX250F128B/crt0_mips32r2.o (_nmi_handler)
c:/program files (x86)/microchip/xc32/v1.44/bin/bin/../../lib/gcc/pic32mx/4.8.3/../../../../pic32mx/lib\libpic32.a(general-exception.o)
                              c:/program files (x86)/microchip/xc32/v1.44/bin/bin/../../lib/gcc/pic32mx/4.8.3/../../../../pic32mx/lib/./proc/32MX250F128B/crt0_mips32r2.o (_general_exception_context)
c:/program files (x86)/microchip/xc32/v1.44/bin/bin/../../lib/gcc/pic32mx/4.8.3/../../../../pic32mx/lib\libpic32.a(vector0.o)
                              c:/program files (x86)/microchip/xc32/v1.44/bin/bin/../../lib/gcc/pic32mx/4.8.3/../../../../pic32mx/lib/./proc/32MX250F128B\default_isr_vectors.o (__vector_dispatch_0)
c:/program files (x86)/microchip/xc32/v1.44/bin/bin/../../lib/gcc/pic32mx/4.8.3/../../../../pic32mx/lib\libpic32.a(vector1.o)
                              c:/program files (x86)/microchip/xc32/v1.44/bin/bin/../../lib/gcc/pic32mx/4.8.3/../../../../pic32mx/lib/./proc/32MX250F128B\default_isr_vectors.o (__vector_dispatch_1)
c:/program files (x86)/microchip/xc32/v1.44/bin/bin/../../lib/gcc/pic32mx/4.8.3/../../../../pic32mx/lib\libpic32.a(vector2.o)
                              c:/program files (x86)/microchip/xc32/v1.44/bin/bin/../../lib/gcc/pic32mx/4.8.3/../../../../pic32mx/lib/./proc/32MX250F128B\default_isr_vectors.o (__vector_dispatch_2)
c:/program files (x86)/microchip/xc32/v1.44/bin/bin/../../lib/gcc/pic32mx/4.8.3/../../../../pic32mx/lib\libpic32.a(vector3.o)
                              c:/program files (x86)/microchip/xc32/v1.44/bin/bin/../../lib/gcc/pic32mx/4.8.3/../../../../pic32mx/lib/./proc/32MX250F128B\default_isr_vectors.o (__vector_dispatch_3)
c:/program files (x86)/microchip/xc32/v1.44/bin/bin/../../lib/gcc/pic32mx/4.8.3/../../../../pic32mx/lib\libpic32.a(vector4.o)
                              c:/program files (x86)/microchip/xc32/v1.44/bin/bin/../../lib/gcc/pic32mx/4.8.3/../../../../pic32mx/lib/./proc/32MX250F128B\default_isr_vectors.o (__vector_dispatch_4)
c:/program files (x86)/microchip/xc32/v1.44/bin/bin/../../lib/gcc/pic32mx/4.8.3/../../../../pic32mx/lib\libpic32.a(vector5.o)
                              c:/program files (x86)/microchip/xc32/v1.44/bin/bin/../../lib/gcc/pic32mx/4.8.3/../../../../pic32mx/lib/./proc/32MX250F128B\default_isr_vectors.o (__vector_dispatch_5)
c:/program files (x86)/microchip/xc32/v1.44/bin/bin/../../lib/gcc/pic32mx/4.8.3/../../../../pic32mx/lib\libpic32.a(vector6.o)
                              c:/program files (x86)/microchip/xc32/v1.44/bin/bin/../../lib/gcc/pic32mx/4.8.3/../../../../pic32mx/lib/./proc/32MX250F128B\default_isr_vectors.o (__vector_dispatch_6)
c:/program files (x86)/microchip/xc32/v1.44/bin/bin/../../lib/gcc/pic32mx/4.8.3/../../../../pic32mx/lib\libpic32.a(vector7.o)
                              c:/program files (x86)/microchip/xc32/v1.44/bin/bin/../../lib/gcc/pic32mx/4.8.3/../../../../pic32mx/lib/./proc/32MX250F128B\default_isr_vectors.o (__vector_dispatch_7)
c:/program files (x86)/microchip/xc32/v1.44/bin/bin/../../lib/gcc/pic32mx/4.8.3/../../../../pic32mx/lib\libpic32.a(vector8.o)
                              c:/program files (x86)/microchip/xc32/v1.44/bin/bin/../../lib/gcc/pic32mx/4.8.3/../../../../pic32mx/lib/./proc/32MX250F128B\default_isr_vectors.o (__vector_dispatch_8)
c:/program files (x86)/microchip/xc32/v1.44/bin/bin/../../lib/gcc/pic32mx/4.8.3/../../../../pic32mx/lib\libpic32.a(vector9.o)
[...]
Memory Configuration

Name             Origin             Length             Attributes
kseg0_program_mem 0x9d000000         0x0001f000         xr
exception_mem    0x9d01f000         0x00001000
debug_exec_mem   0x9fc00490         0x00000760
kseg0_boot_mem   0x9fc00490         0x00000000
kseg1_boot_mem   0xbfc00000         0x00000490
config3          0xbfc00bf0         0x00000004
config2          0xbfc00bf4         0x00000004
config1          0xbfc00bf8         0x00000004
config0          0xbfc00bfc         0x00000004
kseg1_data_mem   0xa0000000         0x00008000         w !x
sfrs             0xbf800000         0x00100000
configsfrs       0xbfc00bf0         0x00000010
*default*        0x00000000         0xffffffff

Linker script and memory map

LOAD c:/program files (x86)/microchip/xc32/v1.44/bin/bin/../../lib/gcc/pic32mx/4.8.3/../../../../pic32mx/lib/./proc/32MX250F128B/crt0_mips32r2.o
LOAD c:/program files (x86)/microchip/xc32/v1.44/bin/bin/../../lib/gcc/pic32mx/4.8.3/../../../../pic32mx/lib\debug-exception-return.o
LOAD build/default/production/_ext/639803181/sys_clk_static.o
LOAD build/default/production/_ext/822048611/sys_ports_static.o
LOAD build/default/production/_ext/1688732426/system_init.o
LOAD build/default/production/_ext/1688732426/system_interrupt.o
LOAD build/default/production/_ext/1688732426/system_exceptions.o
LOAD build/default/production/_ext/1688732426/system_tasks.o
LOAD build/default/production/_ext/1360937237/app.o
LOAD build/default/production/_ext/1360937237/playtune.o
LOAD build/default/production/_ext/1360937237/main.o
LOAD build/default/production/_ext/118685767/drv_i2s.o
LOAD build/default/production/_ext/1271179505/sys_devcon.o
LOAD build/default/production/_ext/1271179505/sys_devcon_pic32mx.o
LOAD build/default/production/_ext/65930274/sys_dma.o
LOAD build/default/production/_ext/122796885/sys_int_pic32.o
LOAD build/default/production/_ext/77319752/sys_ports.o
LOAD ..\..\..\..\bin\framework\peripheral\PIC32MX250F128B_peripherals.a
                0x00000001                __MPLAB_BUILD = 0x1
                0x00000000                _min_heap_size = 0x0
LOAD c:/program files (x86)/microchip/xc32/v1.44/bin/bin/../../lib/gcc/pic32mx/4.8.3/../../../../pic32mx/lib/./proc/32MX250F128B\default_isr_vectors.o
LOAD c:/program files (x86)/microchip/xc32/v1.44/bin/bin/../../lib/gcc/pic32mx/4.8.3/../../../../pic32mx/lib\pic32_software_reset.o
                0x00000400                PROVIDE (_min_stack_size, 0x400)
LOAD c:/program files (x86)/microchip/xc32/v1.44/bin/bin/../../lib/gcc/pic32mx/4.8.3/../../../../pic32mx/lib/./proc/32MX250F128B\processor.o
START GROUP
LOAD libmchp_peripheral.a
END GROUP
START GROUP
LOAD libmchp_peripheral_32MX250F128B.a
END GROUP
                0x00000001                PROVIDE (_vector_spacing, 0x1)
                0x9d01f000                PROVIDE (_ebase_address, 0x9d01f000)
                0xbfc00000                _RESET_ADDR = 0xbfc00000
                0xbfc00380                _BEV_EXCPT_ADDR = 0xbfc00380
                0xbfc00480                _DBG_EXCPT_ADDR = 0xbfc00480
                0x9fc00490                _DBG_CODE_ADDR = 0x9fc00490
                0x00000760                _DBG_CODE_SIZE = 0x760
                0x9d01f180                _GEN_EXCPT_ADDR = (_ebase_address + 0x180)

.config_BFC00BF0
                0xbfc00bf0        0x4
 *(.config_BFC00BF0)
 .config_BFC00BF0
                0xbfc00bf0        0x4 build/default/production/_ext/1688732426/system_init.o

.config_BFC00BF4
                0xbfc00bf4        0x4
 *(.config_BFC00BF4)
 .config_BFC00BF4
                0xbfc00bf4        0x4 build/default/production/_ext/1688732426/system_init.o

.config_BFC00BF8
                0xbfc00bf8        0x4
 *(.config_BFC00BF8)
 .config_BFC00BF8
                0xbfc00bf8        0x4 build/default/production/_ext/1688732426/system_init.o

.config_BFC00BFC
                0xbfc00bfc        0x4
 *(.config_BFC00BFC)
 .config_BFC00BFC
                0xbfc00bfc        0x4 build/default/production/_ext/1688732426/system_init.o
                0xbfc02000                PROVIDE (_DBG_CODE_ADDR, 0xbfc02000)
                0x00000ff0                PROVIDE (_DBG_CODE_SIZE, 0xff0)

.reset          0xbfc00000      0x1e4
 *(.reset)
 .reset         0xbfc00000        0x8 c:/program files (x86)/microchip/xc32/v1.44/bin/bin/../../lib/gcc/pic32mx/4.8.3/../../../../pic32mx/lib/./proc/32MX250F128B/crt0_mips32r2.o
                0xbfc00000                _reset
 *(.reset.startup)
 .reset.startup
                0xbfc00008      0x1dc c:/program files (x86)/microchip/xc32/v1.44/bin/bin/../../lib/gcc/pic32mx/4.8.3/../../../../pic32mx/lib/./proc/32MX250F128B/crt0_mips32r2.o
                0xbfc00008                _startup

.bev_excpt      0xbfc00380       0x10
 *(.bev_handler)
 .bev_handler   0xbfc00380       0x10 c:/program files (x86)/microchip/xc32/v1.44/bin/bin/../../lib/gcc/pic32mx/4.8.3/../../../../pic32mx/lib/./proc/32MX250F128B/crt0_mips32r2.o

.dbg_excpt      0xbfc00480        0x0
                0xbfc00480                . = (. + DEFINED (_DEBUGGER)?0x8:0x0)

.dbg_code       0x9fc00490        0x0
                0x9fc00490                . = (. + DEFINED (_DEBUGGER)?_DBG_CODE_SIZE:0x0)

.app_excpt      0x9d01f180       0x10
 *(.gen_handler)
 .gen_handler   0x9d01f180       0x10 c:/program files (x86)/microchip/xc32/v1.44/bin/bin/../../lib/gcc/pic32mx/4.8.3/../../../../pic32mx/lib/./proc/32MX250F128B/crt0_mips32r2.o

.vector_0       0x9d01f200        0x8
 *(.vector_0)
 .vector_0      0x9d01f200        0x8 c:/program files (x86)/microchip/xc32/v1.44/bin/bin/../../lib/gcc/pic32mx/4.8.3/../../../../pic32mx/lib\libpic32.a(vector0.o)
                0x9d01f200                __vector_dispatch_0
                0x00000001                ASSERT (((_vector_spacing == 0x0) || (SIZEOF (.vector_0) <= (_vector_spacing << 0x5))), function at exception vector 0 too large)

.vector_1       0x9d01f220        0x8
 *(.vector_1)
 .vector_1      0x9d01f220        0x8 c:/program files (x86)/microchip/xc32/v1.44/bin/bin/../../lib/gcc/pic32mx/4.8.3/../../../../pic32mx/lib\libpic32.a(vector1.o)
                0x9d01f220                __vector_dispatch_1
                0x00000001                ASSERT (((_vector_spacing == 0x0) || (SIZEOF (.vector_1) <= (_vector_spacing << 0x5))), function at exception vector 1 too large)

.vector_2       0x9d01f240        0x8
 *(.vector_2)
 .vector_2      0x9d01f240        0x8 c:/program files (x86)/microchip/xc32/v1.44/bin/bin/../../lib/gcc/pic32mx/4.8.3/../../../../pic32mx/lib\libpic32.a(vector2.o)
                0x9d01f240                __vector_dispatch_2
                0x00000001                ASSERT (((_vector_spacing == 0x0) || (SIZEOF (.vector_2) <= (_vector_spacing << 0x5))), function at exception vector 2 too large)

.vector_3       0x9d01f260        0x8
 *(.vector_3)
 .vector_3      0x9d01f260        0x8 c:/program files (x86)/microchip/xc32/v1.44/bin/bin/../../lib/gcc/pic32mx/4.8.3/../../../../pic32mx/lib\libpic32.a(vector3.o)
                0x9d01f260                __vector_dispatch_3
                0x00000001                ASSERT (((_vector_spacing == 0x0) || (SIZEOF (.vector_3) <= (_vector_spacing << 0x5))), function at exception vector 3 too large)

.vector_4       0x9d01f280        0x8
 *(.vector_4)
 .vector_4      0x9d01f280        0x8 c:/program files (x86)/microchip/xc32/v1.44/bin/bin/../../lib/gcc/pic32mx/4.8.3/../../../../pic32mx/lib\libpic32.a(vector4.o)
                0x9d01f280                __vector_dispatch_4
                0x00000001                ASSERT (((_vector_spacing == 0x0) || (SIZEOF (.vector_4) <= (_vector_spacing << 0x5))), function at exception vector 4 too large)

.vector_5       0x9d01f2a0        0x8
 *(.vector_5)
 .vector_5      0x9d01f2a0        0x8 c:/program files (x86)/microchip/xc32/v1.44/bin/bin/../../lib/gcc/pic32mx/4.8.3/../../../../pic32mx/lib\libpic32.a(vector5.o)
                0x9d01f2a0                __vector_dispatch_5
                0x00000001                ASSERT (((_vector_spacing == 0x0) || (SIZEOF (.vector_5) <= (_vector_spacing << 0x5))), function at exception vector 5 too large)

.vector_6       0x9d01f2c0        0x8
 *(.vector_6)
 .vector_6      0x9d01f2c0        0x8 c:/program files (x86)/microchip/xc32/v1.44/bin/bin/../../lib/gcc/pic32mx/4.8.3/../../../../pic32mx/lib\libpic32.a(vector6.o)
                0x9d01f2c0                __vector_dispatch_6
                0x00000001                ASSERT (((_vector_spacing == 0x0) || (SIZEOF (.vector_6) <= (_vector_spacing << 0x5))), function at exception vector 6 too large)

.vector_7       0x9d01f2e0        0x8
 *(.vector_7)
 .vector_7      0x9d01f2e0        0x8 c:/program files (x86)/microchip/xc32/v1.44/bin/bin/../../lib/gcc/pic32mx/4.8.3/../../../../pic32mx/lib\libpic32.a(vector7.o)
                0x9d01f2e0                __vector_dispatch_7
                0x00000001                ASSERT (((_vector_spacing == 0x0) || (SIZEOF (.vector_7) <= (_vector_spacing << 0x5))), function at exception vector 7 too large)

.vector_8       0x9d01f300        0x8
 *(.vector_8)
 .vector_8      0x9d01f300        0x8 c:/program files (x86)/microchip/xc32/v1.44/bin/bin/../../lib/gcc/pic32mx/4.8.3/../../../../pic32mx/lib\libpic32.a(vector8.o)
                0x9d01f300                __vector_dispatch_8
                0x00000001                ASSERT (((_vector_spacing == 0x0) || (SIZEOF (.vector_8) <= (_vector_spacing << 0x5))), function at exception vector 8 too large)

.vector_9       0x9d01f320        0x8
 *(.vector_9)
 .vector_9      0x9d01f320        0x8 c:/program files (x86)/microchip/xc32/v1.44/bin/bin/../../lib/gcc/pic32mx/4.8.3/../../../../pic32mx/lib\libpic32.a(vector9.o)
                0x9d01f320                __vector_dispatch_9
                0x00000001                ASSERT (((_vector_spacing == 0x0) || (SIZEOF (.vector_9) <= (_vector_spacing << 0x5))), function at exception vector 9 too large)

.vector_10      0x9d01f340        0x8
 *(.vector_10)
 .vector_10     0x9d01f340        0x8 c:/program files (x86)/microchip/xc32/v1.44/bin/bin/../../lib/gcc/pic32mx/4.8.3/../../../../pic32mx/lib\libpic32.a(vector10.o)
                0x9d01f340                __vector_dispatch_10
                0x00000001                ASSERT (((_vector_spacing == 0x0) || (SIZEOF (.vector_10) <= (_vector_spacing << 0x5))), function at exception vector 10 too large)

.vector_11      0x9d01f360        0x8
 *(.vector_11)
 .vector_11     0x9d01f360        0x8 c:/program files (x86)/microchip/xc32/v1.44/bin/bin/../../lib/gcc/pic32mx/4.8.3/../../../../pic32mx/lib\libpic32.a(vector11.o)
                0x9d01f360                __vector_dispatch_11
                0x00000001                ASSERT (((_vector_spacing == 0x0) || (SIZEOF (.vector_11) <= (_vector_spacing << 0x5))), function at exception vector 11 too large)

.vector_12      0x9d01f380        0x8
 *(.vector_12)
 .vector_12     0x9d01f380        0x8 build/default/production/_ext/1360937237/playtune.o
                0x9d01f380                __vector_dispatch_12
                0x00000001                ASSERT (((_vector_spacing == 0x0) || (SIZEOF (.vector_12) <= (_vector_spacing << 0x5))), function at exception vector 12 too large)

.vector_13      0x9d01f3a0        0x8
 *(.vector_13)
 .vector_13     0x9d01f3a0        0x8 c:/program files (x86)/microchip/xc32/v1.44/bin/bin/../../lib/gcc/pic32mx/4.8.3/../../../../pic32mx/lib\libpic32.a(vector13.o)
                0x9d01f3a0                __vector_dispatch_13
                0x00000001                ASSERT (((_vector_spacing == 0x0) || (SIZEOF (.vector_13) <= (_vector_spacing << 0x5))), function at exception vector 13 too large)

.vector_14      0x9d01f3c0        0x8
 *(.vector_14)
 .vector_14     0x9d01f3c0        0x8 c:/program files (x86)/microchip/xc32/v1.44/bin/bin/../../lib/gcc/pic32mx/4.8.3/../../../../pic32mx/lib\libpic32.a(vector14.o)
                0x9d01f3c0                __vector_dispatch_14
                0x00000001                ASSERT (((_vector_spacing == 0x0) || (SIZEOF (.vector_14) <= (_vector_spacing << 0x5))), function at exception vector 14 too large)

.vector_15      0x9d01f3e0        0x8
 *(.vector_15)
 .vector_15     0x9d01f3e0        0x8 c:/program files (x86)/microchip/xc32/v1.44/bin/bin/../../lib/gcc/pic32mx/4.8.3/../../../../pic32mx/lib\libpic32.a(vector15.o)
                0x9d01f3e0                __vector_dispatch_15
                0x00000001                ASSERT (((_vector_spacing == 0x0) || (SIZEOF (.vector_15) <= (_vector_spacing << 0x5))), function at exception vector 15 too large)

.vector_16      0x9d01f400        0x8
 *(.vector_16)
 .vector_16     0x9d01f400        0x8 c:/program files (x86)/microchip/xc32/v1.44/bin/bin/../../lib/gcc/pic32mx/4.8.3/../../../../pic32mx/lib\libpic32.a(vector16.o)
                0x9d01f400                __vector_dispatch_16
                0x00000001                ASSERT (((_vector_spacing == 0x0) || (SIZEOF (.vector_16) <= (_vector_spacing << 0x5))), function at exception vector 16 too large)

.vector_17      0x9d01f420        0x8
 *(.vector_17)
 .vector_17     0x9d01f420        0x8 c:/program files (x86)/microchip/xc32/v1.44/bin/bin/../../lib/gcc/pic32mx/4.8.3/../../../../pic32mx/lib\libpic32.a(vector17.o)
                0x9d01f420                __vector_dispatch_17
                0x00000001                ASSERT (((_vector_spacing == 0x0) || (SIZEOF (.vector_17) <= (_vector_spacing << 0x5))), function at exception vector 17 too large)

.vector_18      0x9d01f440        0x8
 *(.vector_18)
 .vector_18     0x9d01f440        0x8 c:/program files (x86)/microchip/xc32/v1.44/bin/bin/../../lib/gcc/pic32mx/4.8.3/../../../../pic32mx/lib\libpic32.a(vector18.o)
                0x9d01f440                __vector_dispatch_18
                0x00000001                ASSERT (((_vector_spacing == 0x0) || (SIZEOF (.vector_18) <= (_vector_spacing << 0x5))), function at exception vector 18 too large)

.vector_19      0x9d01f460        0x8
 *(.vector_19)
 .vector_19     0x9d01f460        0x8 c:/program files (x86)/microchip/xc32/v1.44/bin/bin/../../lib/gcc/pic32mx/4.8.3/../../../../pic32mx/lib\libpic32.a(vector19.o)
                0x9d01f460                __vector_dispatch_19
                0x00000001                ASSERT (((_vector_spacing == 0x0) || (SIZEOF (.vector_19) <= (_vector_spacing << 0x5))), function at exception vector 19 too large)

.vector_20      0x9d01f480        0x8
 *(.vector_20)
 .vector_20     0x9d01f480        0x8 c:/program files (x86)/microchip/xc32/v1.44/bin/bin/../../lib/gcc/pic32mx/4.8.3/../../../../pic32mx/lib\libpic32.a(vector20.o)
                0x9d01f480                __vector_dispatch_20
                0x00000001                ASSERT (((_vector_spacing == 0x0) || (SIZEOF (.vector_20) <= (_vector_spacing << 0x5))), function at exception vector 20 too large)

.vector_21      0x9d01f4a0        0x8
 *(.vector_21)
 .vector_21     0x9d01f4a0        0x8 c:/program files (x86)/microchip/xc32/v1.44/bin/bin/../../lib/gcc/pic32mx/4.8.3/../../../../pic32mx/lib\libpic32.a(vector21.o)
                0x9d01f4a0                __vector_dispatch_21
                0x00000001                ASSERT (((_vector_spacing == 0x0) || (SIZEOF (.vector_21) <= (_vector_spacing << 0x5))), function at exception vector 21 too large)

.vector_22      0x9d01f4c0        0x8
 *(.vector_22)
 .vector_22     0x9d01f4c0        0x8 c:/program files (x86)/microchip/xc32/v1.44/bin/bin/../../lib/gcc/pic32mx/4.8.3/../../../../pic32mx/lib\libpic32.a(vector22.o)
                0x9d01f4c0                __vector_dispatch_22
                0x00000001                ASSERT (((_vector_spacing == 0x0) || (SIZEOF (.vector_22) <= (_vector_spacing << 0x5))), function at exception vector 22 too large)

.vector_23      0x9d01f4e0        0x8
 *(.vector_23)
 .vector_23     0x9d01f4e0        0x8 c:/program files (x86)/microchip/xc32/v1.44/bin/bin/../../lib/gcc/pic32mx/4.8.3/../../../../pic32mx/lib\libpic32.a(vector23.o)
                0x9d01f4e0                __vector_dispatch_23
                0x00000001                ASSERT (((_vector_spacing == 0x0) || (SIZEOF (.vector_23) <= (_vector_spacing << 0x5))), function at exception vector 23 too large)

.vector_24      0x9d01f500        0x8
 *(.vector_24)
 .vector_24     0x9d01f500        0x8 c:/program files (x86)/microchip/xc32/v1.44/bin/bin/../../lib/gcc/pic32mx/4.8.3/../../../../pic32mx/lib\libpic32.a(vector24.o)
                0x9d01f500                __vector_dispatch_24
                0x00000001                ASSERT (((_vector_spacing == 0x0) || (SIZEOF (.vector_24) <= (_vector_spacing << 0x5))), function at exception vector 24 too large)

.vector_25      0x9d01f520        0x8
 *(.vector_25)
 .vector_25     0x9d01f520        0x8 c:/program files (x86)/microchip/xc32/v1.44/bin/bin/../../lib/gcc/pic32mx/4.8.3/../../../../pic32mx/lib\libpic32.a(vector25.o)
                0x9d01f520                __vector_dispatch_25
                0x00000001                ASSERT (((_vector_spacing == 0x0) || (SIZEOF (.vector_25) <= (_vector_spacing << 0x5))), function at exception vector 25 too large)

.vector_26      0x9d01f540        0x8
 *(.vector_26)
 .vector_26     0x9d01f540        0x8 c:/program files (x86)/microchip/xc32/v1.44/bin/bin/../../lib/gcc/pic32mx/4.8.3/../../../../pic32mx/lib\libpic32.a(vector26.o)
                0x9d01f540                __vector_dispatch_26
                0x00000001                ASSERT (((_vector_spacing == 0x0) || (SIZEOF (.vector_26) <= (_vector_spacing << 0x5))), function at exception vector 26 too large)

.vector_27      0x9d01f560        0x8
 *(.vector_27)
 .vector_27     0x9d01f560        0x8 c:/program files (x86)/microchip/xc32/v1.44/bin/bin/../../lib/gcc/pic32mx/4.8.3/../../../../pic32mx/lib\libpic32.a(vector27.o)
                0x9d01f560                __vector_dispatch_27
                0x00000001                ASSERT (((_vector_spacing == 0x0) || (SIZEOF (.vector_27) <= (_vector_spacing << 0x5))), function at exception vector 27 too large)

.vector_28      0x9d01f580        0x8
 *(.vector_28)
 .vector_28     0x9d01f580        0x8 c:/program files (x86)/microchip/xc32/v1.44/bin/bin/../../lib/gcc/pic32mx/4.8.3/../../../../pic32mx/lib\libpic32.a(vector28.o)
                0x9d01f580                __vector_dispatch_28
                0x00000001                ASSERT (((_vector_spacing == 0x0) || (SIZEOF (.vector_28) <= (_vector_spacing << 0x5))), function at exception vector 28 too large)

.vector_29      0x9d01f5a0        0x8
 *(.vector_29)
 .vector_29     0x9d01f5a0        0x8 c:/program files (x86)/microchip/xc32/v1.44/bin/bin/../../lib/gcc/pic32mx/4.8.3/../../../../pic32mx/lib\libpic32.a(vector29.o)
                0x9d01f5a0                __vector_dispatch_29
                0x00000001                ASSERT (((_vector_spacing == 0x0) || (SIZEOF (.vector_29) <= (_vector_spacing << 0x5))), function at exception vector 29 too large)

.vector_30      0x9d01f5c0        0x8
 *(.vector_30)
 .vector_30     0x9d01f5c0        0x8 c:/program files (x86)/microchip/xc32/v1.44/bin/bin/../../lib/gcc/pic32mx/4.8.3/../../../../pic32mx/lib\libpic32.a(vector30.o)
                0x9d01f5c0                __vector_dispatch_30
                0x00000001                ASSERT (((_vector_spacing == 0x0) || (SIZEOF (.vector_30) <= (_vector_spacing << 0x5))), function at exception vector 30 too large)

.vector_31      0x9d01f5e0        0x8
 *(.vector_31)
 .vector_31     0x9d01f5e0        0x8 build/default/production/_ext/1688732426/system_interrupt.o
                0x9d01f5e0                __vector_dispatch_31
                0x00000001                ASSERT (((_vector_spacing == 0x0) || (SIZEOF (.vector_31) <= (_vector_spacing << 0x5))), function at exception vector 31 too large)

.vector_32      0x9d01f600        0x8
 *(.vector_32)
 .vector_32     0x9d01f600        0x8 c:/program files (x86)/microchip/xc32/v1.44/bin/bin/../../lib/gcc/pic32mx/4.8.3/../../../../pic32mx/lib\libpic32.a(vector32.o)
                0x9d01f600                __vector_dispatch_32
                0x00000001                ASSERT (((_vector_spacing == 0x0) || (SIZEOF (.vector_32) <= (_vector_spacing << 0x5))), function at exception vector 32 too large)

.vector_33      0x9d01f620        0x8
 *(.vector_33)
 .vector_33     0x9d01f620        0x8 c:/program files (x86)/microchip/xc32/v1.44/bin/bin/../../lib/gcc/pic32mx/4.8.3/../../../../pic32mx/lib\libpic32.a(vector33.o)
                0x9d01f620                __vector_dispatch_33
                0x00000001                ASSERT (((_vector_spacing == 0x0) || (SIZEOF (.vector_33) <= (_vector_spacing << 0x5))), function at exception vector 33 too large)

.vector_34      0x9d01f640        0x8
 *(.vector_34)
 .vector_34     0x9d01f640        0x8 c:/program files (x86)/microchip/xc32/v1.44/bin/bin/../../lib/gcc/pic32mx/4.8.3/../../../../pic32mx/lib\libpic32.a(vector34.o)
                0x9d01f640                __vector_dispatch_34
                0x00000001                ASSERT (((_vector_spacing == 0x0) || (SIZEOF (.vector_34) <= (_vector_spacing << 0x5))), function at exception vector 34 too large)

.vector_35      0x9d01f660        0x8
 *(.vector_35)
 .vector_35     0x9d01f660        0x8 c:/program files (x86)/microchip/xc32/v1.44/bin/bin/../../lib/gcc/pic32mx/4.8.3/../../../../pic32mx/lib\libpic32.a(vector35.o)
                0x9d01f660                __vector_dispatch_35
                0x00000001                ASSERT (((_vector_spacing == 0x0) || (SIZEOF (.vector_35) <= (_vector_spacing << 0x5))), function at exception vector 35 too large)

.vector_36      0x9d01f680        0x8
 *(.vector_36)
 .vector_36     0x9d01f680        0x8 c:/program files (x86)/microchip/xc32/v1.44/bin/bin/../../lib/gcc/pic32mx/4.8.3/../../../../pic32mx/lib\libpic32.a(vector36.o)
                0x9d01f680                __vector_dispatch_36
                0x00000001                ASSERT (((_vector_spacing == 0x0) || (SIZEOF (.vector_36) <= (_vector_spacing << 0x5))), function at exception vector 36 too large)

.vector_37      0x9d01f6a0        0x8
 *(.vector_37)
 .vector_37     0x9d01f6a0        0x8 c:/program files (x86)/microchip/xc32/v1.44/bin/bin/../../lib/gcc/pic32mx/4.8.3/../../../../pic32mx/lib\libpic32.a(vector37.o)
                0x9d01f6a0                __vector_dispatch_37
                0x00000001                ASSERT (((_vector_spacing == 0x0) || (SIZEOF (.vector_37) <= (_vector_spacing << 0x5))), function at exception vector 37 too large)

.vector_38      0x9d01f6c0        0x8
 *(.vector_38)
 .vector_38     0x9d01f6c0        0x8 c:/program files (x86)/microchip/xc32/v1.44/bin/bin/../../lib/gcc/pic32mx/4.8.3/../../../../pic32mx/lib\libpic32.a(vector38.o)
                0x9d01f6c0                __vector_dispatch_38
                0x00000001                ASSERT (((_vector_spacing == 0x0) || (SIZEOF (.vector_38) <= (_vector_spacing << 0x5))), function at exception vector 38 too large)

.vector_39      0x9d01f6e0        0x8
 *(.vector_39)
 .vector_39     0x9d01f6e0        0x8 c:/program files (x86)/microchip/xc32/v1.44/bin/bin/../../lib/gcc/pic32mx/4.8.3/../../../../pic32mx/lib\libpic32.a(vector39.o)
                0x9d01f6e0                __vector_dispatch_39
                0x00000001                ASSERT (((_vector_spacing == 0x0) || (SIZEOF (.vector_39) <= (_vector_spacing << 0x5))), function at exception vector 39 too large)

.vector_40      0x9d01f700        0x8
 *(.vector_40)
 .vector_40     0x9d01f700        0x8 build/default/production/_ext/1688732426/system_interrupt.o
                0x9d01f700                __vector_dispatch_40
                0x00000001                ASSERT (((_vector_spacing == 0x0) || (SIZEOF (.vector_40) <= (_vector_spacing << 0x5))), function at exception vector 40 too large)

.vector_41      0x9d01f720        0x8
 *(.vector_41)
 .vector_41     0x9d01f720        0x8 build/default/production/_ext/1688732426/system_interrupt.o
                0x9d01f720                __vector_dispatch_41
                0x00000001                ASSERT (((_vector_spacing == 0x0) || (SIZEOF (.vector_41) <= (_vector_spacing << 0x5))), function at exception vector 41 too large)

.vector_42      0x9d01f740        0x8
 *(.vector_42)
 .vector_42     0x9d01f740        0x8 c:/program files (x86)/microchip/xc32/v1.44/bin/bin/../../lib/gcc/pic32mx/4.8.3/../../../../pic32mx/lib\libpic32.a(vector42.o)
                0x9d01f740                __vector_dispatch_42
                0x00000001                ASSERT (((_vector_spacing == 0x0) || (SIZEOF (.vector_42) <= (_vector_spacing << 0x5))), function at exception vector 42 too large)

.vector_43      0x9d01f760        0x8
 *(.vector_43)
 .vector_43     0x9d01f760        0x8 c:/program files (x86)/microchip/xc32/v1.44/bin/bin/../../lib/gcc/pic32mx/4.8.3/../../../../pic32mx/lib\libpic32.a(vector43.o)
                0x9d01f760                __vector_dispatch_43
                0x00000001                ASSERT (((_vector_spacing == 0x0) || (SIZEOF (.vector_43) <= (_vector_spacing << 0x5))), function at exception vector 43 too large)

.vector_44      0x9d01f780        0x0
 *(.vector_44)
                0x00000001                ASSERT (((_vector_spacing == 0x0) || (SIZEOF (.vector_44) <= (_vector_spacing << 0x5))), function at exception vector 44 too large)

.vector_45      0x9d01f7a0        0x0
 *(.vector_45)
                0x00000001                ASSERT (((_vector_spacing == 0x0) || (SIZEOF (.vector_45) <= (_vector_spacing << 0x5))), function at exception vector 45 too large)

.vector_46      0x9d01f7c0        0x0
 *(.vector_46)
                0x00000001                ASSERT (((_vector_spacing == 0x0) || (SIZEOF (.vector_46) <= (_vector_spacing << 0x5))), function at exception vector 46 too large)

.vector_47      0x9d01f7e0        0x0
 *(.vector_47)
                0x00000001                ASSERT (((_vector_spacing == 0x0) || (SIZEOF (.vector_47) <= (_vector_spacing << 0x5))), function at exception vector 47 too large)

.vector_48      0x9d01f800        0x0
 *(.vector_48)
                0x00000001                ASSERT (((_vector_spacing == 0x0) || (SIZEOF (.vector_48) <= (_vector_spacing << 0x5))), function at exception vector 48 too large)

.vector_49      0x9d01f820        0x0
 *(.vector_49)
                0x00000001                ASSERT (((_vector_spacing == 0x0) || (SIZEOF (.vector_49) <= (_vector_spacing << 0x5))), function at exception vector 49 too large)

.vector_50      0x9d01f840        0x0
 *(.vector_50)
                0x00000001                ASSERT (((_vector_spacing == 0x0) || (SIZEOF (.vector_50) <= (_vector_spacing << 0x5))), function at exception vector 50 too large)

.vector_51      0x9d01f860        0x0
 *(.vector_51)
                0x00000001                ASSERT (((_vector_spacing == 0x0) || (SIZEOF (.vector_51) <= (_vector_spacing << 0x5))), function at exception vector 51 too large)

.vector_52      0x9d01f880        0x0
 *(.vector_52)
                0x00000001                ASSERT (((_vector_spacing == 0x0) || (SIZEOF (.vector_52) <= (_vector_spacing << 0x5))), function at exception vector 52 too large)

.vector_53      0x9d01f8a0        0x0
 *(.vector_53)
                0x00000001                ASSERT (((_vector_spacing == 0x0) || (SIZEOF (.vector_53) <= (_vector_spacing << 0x5))), function at exception vector 53 too large)

.vector_54      0x9d01f8c0        0x0
 *(.vector_54)
                0x00000001                ASSERT (((_vector_spacing == 0x0) || (SIZEOF (.vector_54) <= (_vector_spacing << 0x5))), function at exception vector 54 too large)

.vector_55      0x9d01f8e0        0x0
 *(.vector_55)
                0x00000001                ASSERT (((_vector_spacing == 0x0) || (SIZEOF (.vector_55) <= (_vector_spacing << 0x5))), function at exception vector 55 too large)

.vector_56      0x9d01f900        0x0
 *(.vector_56)
                0x00000001                ASSERT (((_vector_spacing == 0x0) || (SIZEOF (.vector_56) <= (_vector_spacing << 0x5))), function at exception vector 56 too large)

.vector_57      0x9d01f920        0x0
 *(.vector_57)
                0x00000001                ASSERT (((_vector_spacing == 0x0) || (SIZEOF (.vector_57) <= (_vector_spacing << 0x5))), function at exception vector 57 too large)

.vector_58      0x9d01f940        0x0
 *(.vector_58)
                0x00000001                ASSERT (((_vector_spacing == 0x0) || (SIZEOF (.vector_58) <= (_vector_spacing << 0x5))), function at exception vector 58 too large)

.vector_59      0x9d01f960        0x0
 *(.vector_59)
                0x00000001                ASSERT (((_vector_spacing == 0x0) || (SIZEOF (.vector_59) <= (_vector_spacing << 0x5))), function at exception vector 59 too large)

.vector_60      0x9d01f980        0x0
 *(.vector_60)
                0x00000001                ASSERT (((_vector_spacing == 0x0) || (SIZEOF (.vector_60) <= (_vector_spacing << 0x5))), function at exception vector 60 too large)

.vector_61      0x9d01f9a0        0x0
 *(.vector_61)
                0x00000001                ASSERT (((_vector_spacing == 0x0) || (SIZEOF (.vector_61) <= (_vector_spacing << 0x5))), function at exception vector 61 too large)

.vector_62      0x9d01f9c0        0x0
 *(.vector_62)
                0x00000001                ASSERT (((_vector_spacing == 0x0) || (SIZEOF (.vector_62) <= (_vector_spacing << 0x5))), function at exception vector 62 too large)

.vector_63      0x9d01f9e0        0x0
 *(.vector_63)
                0x00000001                ASSERT (((_vector_spacing == 0x0) || (SIZEOF (.vector_63) <= (_vector_spacing << 0x5))), function at exception vector 63 too large)

.startup
 *(.startup)

.text           0x9d000000        0x0
 *(.stub .gnu.linkonce.t.*)
 *(.text.*personality*)
 *(.mips16.fn.*)
 *(.mips16.call.*)
 *(.gnu.warning)
                0x9d000000                . = ALIGN (0x4)

.init           0x9d000000        0x0
 *crti.o(.init)
 *crtbegin.o(.init)
 *(EXCLUDE_FILE(*crtn.o *crtend?.o *crtend.o) .init)
 *crtend.o(.init)
 *crtn.o(.init)
                0x9d000000                . = ALIGN (0x4)

.fini           0x9d000000        0x0
 *(.fini)
                0x9d000000                . = ALIGN (0x4)

.preinit_array  0x9d000000        0x0
                0x9d000000                PROVIDE (__preinit_array_start, .)
 *(.preinit_array)
                0x9d000000                PROVIDE (__preinit_array_end, .)
                0x9d000000                . = ALIGN (0x4)

.init_array     0x9d000000        0x0
                0x9d000000                PROVIDE (__init_array_start, .)
 *(SORT(.init_array.*))
 *(.init_array)
                0x9d000000                PROVIDE (__init_array_end, .)
                0x9d000000                . = ALIGN (0x4)

.fini_array     0x9d000000        0x0
                0x9d000000                PROVIDE (__fini_array_start, .)
 *(SORT(.fini_array.*))
 *(.fini_array)
                0x9d000000                PROVIDE (__fini_array_end, .)
                0x9d000000                . = ALIGN (0x4)

.ctors          0x9d000000        0x0
 *crtbegin.o(.ctors)
 *crtbegin?.o(.ctors)
 *(EXCLUDE_FILE(*crtend?.o *crtend.o) .ctors)
 *(SORT(.ctors.*))
 *(.ctors)
                0x9d000000                . = ALIGN (0x4)

.dtors          0x9d000000        0x0
 *crtbegin.o(.dtors)
 *crtbegin?.o(.dtors)
 *(EXCLUDE_FILE(*crtend?.o *crtend.o) .dtors)
 *(SORT(.dtors.*))
 *(.dtors)
                0x9d000000                . = ALIGN (0x4)

.rodata         0x9d000000        0x0
 *(.gnu.linkonce.r.*)
 *(.rodata1)
                0x9d000000                . = ALIGN (0x4)

.sdata2         0x9fc00490        0x0
 *(.sdata2 .sdata2.* .gnu.linkonce.s2.*)
                0x9fc00490                . = ALIGN (0x4)

.sbss2          0x9fc00490        0x0
 *(.sbss2 .sbss2.* .gnu.linkonce.sb2.*)
                0x9fc00490                . = ALIGN (0x4)

.eh_frame_hdr
 *(.eh_frame_hdr)
                0x9fc00490                . = ALIGN (0x4)

.eh_frame
 *(.eh_frame)
                0x9fc00490                . = ALIGN (0x4)

.gcc_except_table
 *(.gcc_except_table .gcc_except_table.*)
                0x9fc00490                . = ALIGN (0x4)

.dbg_data       0xa0000000        0x0
                0xa0000000                . = (. + DEFINED (_DEBUGGER)?0x200:0x0)

.jcr            0xa0000000        0x0
 *(.jcr)
                0xa0000000                . = ALIGN (0x4)

.eh_frame
 *(.eh_frame)
                0xa0000000                . = ALIGN (0x4)

.gcc_except_table
 *(.gcc_except_table .gcc_except_table.*)
                0xa0000000                . = ALIGN (0x4)

.persist        0xa0000000        0x0
                0xa0000000                _persist_begin = .
 *(.persist .persist.*)
 *(.pbss .pbss.*)
                0xa0000000                . = ALIGN (0x4)
                0xa0000000                _persist_end = .

.data           0xa0000000        0x0
 *(.gnu.linkonce.d.*)
 *(.data1)
                0xa0000000                . = ALIGN (0x4)
                0xa0000000                . = .
                0xa0007ff0                _gp = (ALIGN (0x10) + 0x7ff0)

.got            0xa0000000        0x0
 *(.got.plt)
 *(.got)
                0xa0000000                . = ALIGN (0x4)

.sdata          0xa0000000        0xc
                0xa0000000                _sdata_begin = .
 *(.sdata .sdata.* .gnu.linkonce.s.*)
 .sdata         0xa0000000        0x1 build/default/production/_ext/1360937237/playtune.o
                0xa0000000                isPlaying
 *fill*         0xa0000001        0x3 
 .sdata         0xa0000004        0x8 build/default/production/_ext/1360937237/main.o
                0xa0000004                tuningWord2t
                0xa0000008                tuningWord1t
                0xa000000c                . = ALIGN (0x4)
                0xa000000c                _sdata_end = .

.lit8
 *(.lit8)

.lit4
 *(.lit4)
                0xa000000c                . = ALIGN (0x4)
                0xa000000c                _data_end = .
                0xa000000c                _bss_begin = .

.sbss           0xa000000c       0x70
                0xa000000c                _sbss_begin = .
 *(.dynsbss)
 *(.sbss .sbss.* .gnu.linkonce.sb.*)
 .sbss          0xa000000c        0x2 build/default/production/_ext/1688732426/system_interrupt.o
                0xa000000c                bufferBFull
                0xa000000d                bufferAFull
 *fill*         0xa000000e        0x2 
 .sbss          0xa0000010        0xc build/default/production/_ext/1688732426/system_exceptions.o
 .sbss          0xa000001c       0x20 build/default/production/_ext/1360937237/playtune.o
                0xa000001c                isUpdateNote
                0xa000001d                isStopNote
                0xa0000020                temp_a
                0xa0000024                play_note
                0xa0000025                tone_channel
                0xa0000028                songIndex
                0xa000002c                time_play_count
                0xa0000030                time_play
                0xa0000034                buffer_position
                0xa0000035                isFillFlag
                0xa0000038                dk_interval
 .sbss          0xa000003c        0xc build/default/production/_ext/1360937237/main.o
                0xa000003c                accum2t
                0xa0000040                accum1t
 .sbss          0xa0000048        0x2 build/default/production/_ext/118685767/drv_i2s.o
 *(.scommon)
 *fill*         0xa000004a        0x2 
 .scommon       0xa000004c        0x4 build/default/production/_ext/1360937237/app.o
                0xa000004c                appData
 .scommon       0xa0000050       0x1d build/default/production/_ext/1360937237/playtune.o
                0xa0000050                opcode
                0xa0000054                buffer_pp
                0xa0000058                prev_input_value
                0xa000005c                chan
                0xa0000060                temp_output1
                0xa0000064                prev_output_value_fix16
                0xa000006c                cmd
 *fill*         0xa000006d        0x3 
 .scommon       0xa0000070        0x2 build/default/production/_ext/118685767/drv_i2s.o
                0xa0000070                gDrvI2SCommonDataObj
 *fill*         0xa0000072        0x2 
 .scommon       0xa0000074        0x8 build/default/production/_ext/1271179505/sys_devcon.o
                0xa0000074                sysDevconObj
                0xa000007c                _sbss_end = .
                0xa000007c                . = ALIGN (0x4)

.bss            0xa000007c     0x1188
 *(.dynbss)
 *(COMMON)
 COMMON         0xa000007c        0xc build/default/production/_ext/1688732426/system_init.o
                0xa000007c                sysObj
 COMMON         0xa0000088     0x1034 build/default/production/_ext/1360937237/playtune.o
                0xa0000088                output_buffer_fix16
                0xa0000490                working_buffer
                0xa0000694                buffer_b
                0xa0000a94                buffer_a
                0xa0000e94                ch
 COMMON         0xa00010bc      0x108 build/default/production/_ext/118685767/drv_i2s.o
                0xa00010bc                gDrvI2SClientObj
                0xa00010d8                gDrvI2SBufferQObj
                0xa0001178                gDrvI2SObj
 COMMON         0xa00011c4       0x40 build/default/production/_ext/65930274/sys_dma.o
                0xa00011c4                gSysDMAChannelObj
                0xa0001204                . = ALIGN ((. != 0x0)?0x4:0x1)
                0xa0001204                . = ALIGN (0x4)
                0xa0001204                _end = .
                0xa0001204                _bss_end = .
                0x00008000                _bmxdudba_address = 0x8000
                0x00008000                _bmxdupba_address = 0x8000

/DISCARD/
 *(.pdr)
 *(.rel.dyn)
 *(.note.GNU-stack)
 *(.note.GNU-stack)
 *(.gnu_debuglink)
 *(.gnu.lto_*)
 *(.discard)

.gptab.sdata
 *(.gptab.data)
 *(.gptab.sdata)

.gptab.sbss
 *(.gptab.bss)
 *(.gptab.sbss)

.mdebug.abi32   0xa0001204        0x0
 *(.mdebug.abi32)
 .mdebug.abi32  0xa0001204        0x0 build/default/production/_ext/639803181/sys_clk_static.o
 .mdebug.abi32  0xa0001204        0x0 build/default/production/_ext/822048611/sys_ports_static.o
 .mdebug.abi32  0xa0001204        0x0 build/default/production/_ext/1688732426/system_init.o
 .mdebug.abi32  0xa0001204        0x0 build/default/production/_ext/1688732426/system_interrupt.o
 .mdebug.abi32  0xa0001204        0x0 build/default/production/_ext/1688732426/system_exceptions.o
 .mdebug.abi32  0xa0001204        0x0 build/default/production/_ext/1688732426/system_tasks.o
 .mdebug.abi32  0xa0001204        0x0 build/default/production/_ext/1360937237/app.o
 .mdebug.abi32  0xa0001204        0x0 build/default/production/_ext/1360937237/playtune.o
 .mdebug.abi32  0xa0001204        0x0 build/default/production/_ext/1360937237/main.o
 .mdebug.abi32  0xa0001204        0x0 build/default/production/_ext/118685767/drv_i2s.o
 .mdebug.abi32  0xa0001204        0x0 build/default/production/_ext/1271179505/sys_devcon.o
 .mdebug.abi32  0xa0001204        0x0 build/default/production/_ext/1271179505/sys_devcon_pic32mx.o
 .mdebug.abi32  0xa0001204        0x0 build/default/production/_ext/65930274/sys_dma.o
 .mdebug.abi32  0xa0001204        0x0 build/default/production/_ext/122796885/sys_int_pic32.o
 .mdebug.abi32  0xa0001204        0x0 build/default/production/_ext/77319752/sys_ports.o
 .mdebug.abi32  0xa0001204        0x0 c:/program files (x86)/microchip/xc32/v1.44/bin/bin/../../lib/gcc/pic32mx/4.8.3/../../../../pic32mx/lib\libpic32.a(default-bootstrap-exception-handler.o)
 .mdebug.abi32  0xa0001204        0x0 c:/program files (x86)/microchip/xc32/v1.44/bin/bin/../../lib/gcc/pic32mx/4.8.3/../../../../pic32mx/lib\libpic32.a(default-on-reset.o)
 .mdebug.abi32  0xa0001204        0x0 c:/program files (x86)/microchip/xc32/v1.44/bin/bin/../../lib/gcc/pic32mx/4.8.3/../../../../pic32mx/lib\libpic32.a(default-on-bootstrap.o)
 .mdebug.abi32  0xa0001204        0x0 c:/program files (x86)/microchip/xc32/v1.44/bin/bin/../../lib/gcc/pic32mx/4.8.3/../../../../pic32mx/lib\libpic32.a(defaultinterrupt.o)

.mdebug.abiN32
 *(.mdebug.abiN32)

.mdebug.abi64
 *(.mdebug.abi64)

.mdebug.abiO64
 *(.mdebug.abiO64)

.mdebug.eabi32
 *(.mdebug.eabi32)

.mdebug.eabi64
 *(.mdebug.eabi64)

.gcc_compiled_long32
 *(.gcc_compiled_long32)

.gcc_compiled_long64
 *(.gcc_compiled_long64)

.stab
 *(.stab)

.stabstr
 *(.stabstr)

.stab.excl
 *(.stab.excl)

.stab.exclstr
 *(.stab.exclstr)

.stab.index
 *(.stab.index)

.stab.indexstr
 *(.stab.indexstr)

.comment        0x00000000       0x3c
 *(.comment)
 .comment       0x00000000       0x3c build/default/production/_ext/639803181/sys_clk_static.o
                                 0x3d (size before relaxing)
 .comment       0x00000000       0x3d build/default/production/_ext/822048611/sys_ports_static.o
 .comment       0x00000000       0x3d build/default/production/_ext/1688732426/system_init.o
 .comment       0x00000000       0x3d build/default/production/_ext/1688732426/system_interrupt.o
 .comment       0x00000000       0x3d build/default/production/_ext/1688732426/system_exceptions.o
 .comment       0x00000000       0x3d build/default/production/_ext/1688732426/system_tasks.o
 .comment       0x00000000       0x3d build/default/production/_ext/1360937237/app.o
 .comment       0x00000000       0x3d build/default/production/_ext/1360937237/playtune.o
 .comment       0x00000000       0x3d build/default/production/_ext/1360937237/main.o
 .comment       0x00000000       0x3d build/default/production/_ext/118685767/drv_i2s.o
 .comment       0x00000000       0x3d build/default/production/_ext/1271179505/sys_devcon.o
 .comment       0x00000000       0x3d build/default/production/_ext/1271179505/sys_devcon_pic32mx.o
 .comment       0x00000000       0x3d build/default/production/_ext/65930274/sys_dma.o
 .comment       0x00000000       0x3d build/default/production/_ext/122796885/sys_int_pic32.o
 .comment       0x00000000       0x3d build/default/production/_ext/77319752/sys_ports.o
 .comment       0x00000000       0x3d c:/program files (x86)/microchip/xc32/v1.44/bin/bin/../../lib/gcc/pic32mx/4.8.3/../../../../pic32mx/lib\libpic32.a(default-bootstrap-exception-handler.o)
 .comment       0x00000000       0x3d c:/program files (x86)/microchip/xc32/v1.44/bin/bin/../../lib/gcc/pic32mx/4.8.3/../../../../pic32mx/lib\libpic32.a(default-on-reset.o)
 .comment       0x00000000       0x3d c:/program files (x86)/microchip/xc32/v1.44/bin/bin/../../lib/gcc/pic32mx/4.8.3/../../../../pic32mx/lib\libpic32.a(default-on-bootstrap.o)
 .comment       0x00000000       0x3d c:/program files (x86)/microchip/xc32/v1.44/bin/bin/../../lib/gcc/pic32mx/4.8.3/../../../../pic32mx/lib\libpic32.a(defaultinterrupt.o)

.debug
 *(.debug)

.line
 *(.line)

.debug_srcinfo
 *(.debug_srcinfo)

.debug_sfnames
 *(.debug_sfnames)

.debug_aranges  0x00000000      0x5a0
 *(.debug_aranges)
 .debug_aranges
                0x00000000       0x50 build/default/production/_ext/639803181/sys_clk_static.o
 .debug_aranges
                0x00000050       0x20 build/default/production/_ext/822048611/sys_ports_static.o
 .debug_aranges
                0x00000070       0x20 build/default/production/_ext/1688732426/system_init.o
 .debug_aranges
                0x00000090       0x30 build/default/production/_ext/1688732426/system_interrupt.o
 .debug_aranges
                0x000000c0       0x20 build/default/production/_ext/1688732426/system_exceptions.o
 .debug_aranges
                0x000000e0       0x20 build/default/production/_ext/1688732426/system_tasks.o
 .debug_aranges
                0x00000100       0x28 build/default/production/_ext/1360937237/app.o
 .debug_aranges
                0x00000128       0x38 build/default/production/_ext/1360937237/playtune.o
 .debug_aranges
                0x00000160       0x48 build/default/production/_ext/1360937237/main.o
 .debug_aranges
                0x000001a8       0xb0 build/default/production/_ext/118685767/drv_i2s.o
 .debug_aranges
                0x00000258       0x78 build/default/production/_ext/1271179505/sys_devcon.o
 .debug_aranges
                0x000002d0       0x20 build/default/production/_ext/1271179505/sys_devcon_pic32mx.o
 .debug_aranges
                0x000002f0       0xe8 build/default/production/_ext/65930274/sys_dma.o
 .debug_aranges
                0x000003d8       0x48 build/default/production/_ext/122796885/sys_int_pic32.o
 .debug_aranges
                0x00000420      0x100 build/default/production/_ext/77319752/sys_ports.o
 .debug_aranges
                0x00000520       0x20 c:/program files (x86)/microchip/xc32/v1.44/bin/bin/../../lib/gcc/pic32mx/4.8.3/../../../../pic32mx/lib\libpic32.a(default-bootstrap-exception-handler.o)
 .debug_aranges
                0x00000540       0x20 c:/program files (x86)/microchip/xc32/v1.44/bin/bin/../../lib/gcc/pic32mx/4.8.3/../../../../pic32mx/lib\libpic32.a(default-on-reset.o)
 .debug_aranges
                0x00000560       0x20 c:/program files (x86)/microchip/xc32/v1.44/bin/bin/../../lib/gcc/pic32mx/4.8.3/../../../../pic32mx/lib\libpic32.a(default-on-bootstrap.o)
 .debug_aranges
                0x00000580       0x20 c:/program files (x86)/microchip/xc32/v1.44/bin/bin/../../lib/gcc/pic32mx/4.8.3/../../../../pic32mx/lib\libpic32.a(defaultinterrupt.o)

.debug_pubnames
 *(.debug_pubnames)

.debug_info     0x00000000    0x21423
 *(.debug_info .gnu.linkonce.wi.*)
 .debug_info    0x00000000     0x1811 build/default/production/_ext/639803181/sys_clk_static.o
 .debug_info    0x00001811     0x1e0f build/default/production/_ext/822048611/sys_ports_static.o
 .debug_info    0x00003620     0x2680 build/default/production/_ext/1688732426/system_init.o
 .debug_info    0x00005ca0      0xc7b build/default/production/_ext/1688732426/system_interrupt.o
 .debug_info    0x0000691b      0x90c build/default/production/_ext/1688732426/system_exceptions.o
 .debug_info    0x00007227      0x997 build/default/production/_ext/1688732426/system_tasks.o
 .debug_info    0x00007bbe      0x918 build/default/production/_ext/1360937237/app.o
 .debug_info    0x000084d6     0x1235 build/default/production/_ext/1360937237/playtune.o
 .debug_info    0x0000970b     0x2807 build/default/production/_ext/1360937237/main.o
 .debug_info    0x0000bf12     0x805b build/default/production/_ext/118685767/drv_i2s.o
 .debug_info    0x00013f6d      0xf44 build/default/production/_ext/1271179505/sys_devcon.o
 .debug_info    0x00014eb1      0x754 build/default/production/_ext/1271179505/sys_devcon_pic32mx.o
 .debug_info    0x00015605     0x6f9c build/default/production/_ext/65930274/sys_dma.o
 .debug_info    0x0001c5a1     0x1298 build/default/production/_ext/122796885/sys_int_pic32.o
 .debug_info    0x0001d839     0x3869 build/default/production/_ext/77319752/sys_ports.o
 .debug_info    0x000210a2       0xf5 c:/program files (x86)/microchip/xc32/v1.44/bin/bin/../../lib/gcc/pic32mx/4.8.3/../../../../pic32mx/lib\libpic32.a(default-bootstrap-exception-handler.o)
 .debug_info    0x00021197       0xce c:/program files (x86)/microchip/xc32/v1.44/bin/bin/../../lib/gcc/pic32mx/4.8.3/../../../../pic32mx/lib\libpic32.a(default-on-reset.o)
 .debug_info    0x00021265       0xd6 c:/program files (x86)/microchip/xc32/v1.44/bin/bin/../../lib/gcc/pic32mx/4.8.3/../../../../pic32mx/lib\libpic32.a(default-on-bootstrap.o)
 .debug_info    0x0002133b       0xe8 c:/program files (x86)/microchip/xc32/v1.44/bin/bin/../../lib/gcc/pic32mx/4.8.3/../../../../pic32mx/lib\libpic32.a(defaultinterrupt.o)

.debug_abbrev   0x00000000     0x1ec9
 *(.debug_abbrev)
 .debug_abbrev  0x00000000      0x26a build/default/production/_ext/639803181/sys_clk_static.o
 .debug_abbrev  0x0000026a      0x138 build/default/production/_ext/822048611/sys_ports_static.o
 .debug_abbrev  0x000003a2      0x2c2 build/default/production/_ext/1688732426/system_init.o
 .debug_abbrev  0x00000664       0xb9 build/default/production/_ext/1688732426/system_interrupt.o
 .debug_abbrev  0x0000071d       0x82 build/default/production/_ext/1688732426/system_exceptions.o
 .debug_abbrev  0x0000079f       0xc3 build/default/production/_ext/1688732426/system_tasks.o
 .debug_abbrev  0x00000862       0xd3 build/default/production/_ext/1360937237/app.o
 .debug_abbrev  0x00000935      0x202 build/default/production/_ext/1360937237/playtune.o
 .debug_abbrev  0x00000b37      0x2f4 build/default/production/_ext/1360937237/main.o
 .debug_abbrev  0x00000e2b      0x448 build/default/production/_ext/118685767/drv_i2s.o
 .debug_abbrev  0x00001273      0x285 build/default/production/_ext/1271179505/sys_devcon.o
 .debug_abbrev  0x000014f8      0x162 build/default/production/_ext/1271179505/sys_devcon_pic32mx.o
 .debug_abbrev  0x0000165a      0x3d0 build/default/production/_ext/65930274/sys_dma.o
 .debug_abbrev  0x00001a2a      0x1d0 build/default/production/_ext/122796885/sys_int_pic32.o
 .debug_abbrev  0x00001bfa      0x22f build/default/production/_ext/77319752/sys_ports.o
 .debug_abbrev  0x00001e29       0x28 c:/program files (x86)/microchip/xc32/v1.44/bin/bin/../../lib/gcc/pic32mx/4.8.3/../../../../pic32mx/lib\libpic32.a(default-bootstrap-exception-handler.o)
 .debug_abbrev  0x00001e51       0x28 c:/program files (x86)/microchip/xc32/v1.44/bin/bin/../../lib/gcc/pic32mx/4.8.3/../../../../pic32mx/lib\libpic32.a(default-on-reset.o)
 .debug_abbrev  0x00001e79       0x28 c:/program files (x86)/microchip/xc32/v1.44/bin/bin/../../lib/gcc/pic32mx/4.8.3/../../../../pic32mx/lib\libpic32.a(default-on-bootstrap.o)
 .debug_abbrev  0x00001ea1       0x28 c:/program files (x86)/microchip/xc32/v1.44/bin/bin/../../lib/gcc/pic32mx/4.8.3/../../../../pic32mx/lib\libpic32.a(defaultinterrupt.o)

.debug_line     0x00000000     0x555c
 *(.debug_line)
 .debug_line    0x00000000      0x47c build/default/production/_ext/639803181/sys_clk_static.o
 .debug_line    0x0000047c      0x45e build/default/production/_ext/822048611/sys_ports_static.o
 .debug_line    0x000008da      0x5f8 build/default/production/_ext/1688732426/system_init.o
 .debug_line    0x00000ed2      0x126 build/default/production/_ext/1688732426/system_interrupt.o
 .debug_line    0x00000ff8       0xf8 build/default/production/_ext/1688732426/system_exceptions.o
 .debug_line    0x000010f0      0x27c build/default/production/_ext/1688732426/system_tasks.o
 .debug_line    0x0000136c       0xef build/default/production/_ext/1360937237/app.o
 .debug_line    0x0000145b      0x22b build/default/production/_ext/1360937237/playtune.o
 .debug_line    0x00001686      0x27f build/default/production/_ext/1360937237/main.o
 .debug_line    0x00001905     0x1819 build/default/production/_ext/118685767/drv_i2s.o
 .debug_line    0x0000311e      0x5bc build/default/production/_ext/1271179505/sys_devcon.o
 .debug_line    0x000036da      0x390 build/default/production/_ext/1271179505/sys_devcon_pic32mx.o
 .debug_line    0x00003a6a      0xd2c build/default/production/_ext/65930274/sys_dma.o
 .debug_line    0x00004796      0x39e build/default/production/_ext/122796885/sys_int_pic32.o
 .debug_line    0x00004b34      0x7af build/default/production/_ext/77319752/sys_ports.o
 .debug_line    0x000052e3       0xa7 c:/program files (x86)/microchip/xc32/v1.44/bin/bin/../../lib/gcc/pic32mx/4.8.3/../../../../pic32mx/lib\libpic32.a(default-bootstrap-exception-handler.o)
 .debug_line    0x0000538a       0x94 c:/program files (x86)/microchip/xc32/v1.44/bin/bin/../../lib/gcc/pic32mx/4.8.3/../../../../pic32mx/lib\libpic32.a(default-on-reset.o)
 .debug_line    0x0000541e       0x98 c:/program files (x86)/microchip/xc32/v1.44/bin/bin/../../lib/gcc/pic32mx/4.8.3/../../../../pic32mx/lib\libpic32.a(default-on-bootstrap.o)
 .debug_line    0x000054b6       0xa6 c:/program files (x86)/microchip/xc32/v1.44/bin/bin/../../lib/gcc/pic32mx/4.8.3/../../../../pic32mx/lib\libpic32.a(defaultinterrupt.o)

.debug_frame    0x00000000      0xa44
 *(.debug_frame)
 .debug_frame   0x00000000       0xa0 build/default/production/_ext/639803181/sys_clk_static.o
 .debug_frame   0x000000a0       0x20 build/default/production/_ext/822048611/sys_ports_static.o
 .debug_frame   0x000000c0       0x28 build/default/production/_ext/1688732426/system_init.o
 .debug_frame   0x000000e8       0x64 build/default/production/_ext/1688732426/system_interrupt.o
 .debug_frame   0x0000014c       0x28 build/default/production/_ext/1688732426/system_exceptions.o
 .debug_frame   0x00000174       0x28 build/default/production/_ext/1688732426/system_tasks.o
 .debug_frame   0x0000019c       0x30 build/default/production/_ext/1360937237/app.o
 .debug_frame   0x000001cc       0x64 build/default/production/_ext/1360937237/playtune.o
 .debug_frame   0x00000230       0x80 build/default/production/_ext/1360937237/main.o
 .debug_frame   0x000002b0      0x1a4 build/default/production/_ext/118685767/drv_i2s.o
 .debug_frame   0x00000454       0xe8 build/default/production/_ext/1271179505/sys_devcon.o
 .debug_frame   0x0000053c       0x28 build/default/production/_ext/1271179505/sys_devcon_pic32mx.o
 .debug_frame   0x00000564      0x1e4 build/default/production/_ext/65930274/sys_dma.o
 .debug_frame   0x00000748       0x90 build/default/production/_ext/122796885/sys_int_pic32.o
 .debug_frame   0x000007d8      0x1e0 build/default/production/_ext/77319752/sys_ports.o
 .debug_frame   0x000009b8       0x2c c:/program files (x86)/microchip/xc32/v1.44/bin/bin/../../lib/gcc/pic32mx/4.8.3/../../../../pic32mx/lib\libpic32.a(default-bootstrap-exception-handler.o)
 .debug_frame   0x000009e4       0x20 c:/program files (x86)/microchip/xc32/v1.44/bin/bin/../../lib/gcc/pic32mx/4.8.3/../../../../pic32mx/lib\libpic32.a(default-on-reset.o)
 .debug_frame   0x00000a04       0x20 c:/program files (x86)/microchip/xc32/v1.44/bin/bin/../../lib/gcc/pic32mx/4.8.3/../../../../pic32mx/lib\libpic32.a(default-on-bootstrap.o)
 .debug_frame   0x00000a24       0x20 c:/program files (x86)/microchip/xc32/v1.44/bin/bin/../../lib/gcc/pic32mx/4.8.3/../../../../pic32mx/lib\libpic32.a(defaultinterrupt.o)

.debug_str      0x00000000      0x508
 *(.debug_str)
 .debug_str     0x00000000       0x46 build/default/production/_ext/639803181/sys_clk_static.o
 .debug_str     0x00000046       0x56 build/default/production/_ext/822048611/sys_ports_static.o
 .debug_str     0x0000009c       0x36 build/default/production/_ext/1688732426/system_init.o
 .debug_str     0x000000d2        0x0 build/default/production/_ext/1688732426/system_interrupt.o
 .debug_str     0x000000d2        0x0 build/default/production/_ext/1688732426/system_exceptions.o
 .debug_str     0x000000d2        0x0 build/default/production/_ext/1688732426/system_tasks.o
 .debug_str     0x000000d2        0x0 build/default/production/_ext/1360937237/app.o
 .debug_str     0x000000d2        0xc build/default/production/_ext/1360937237/playtune.o
 .debug_str     0x000000de       0x44 build/default/production/_ext/1360937237/main.o
 .debug_str     0x00000122      0x1b1 build/default/production/_ext/118685767/drv_i2s.o
 .debug_str     0x000002d3       0x16 build/default/production/_ext/1271179505/sys_devcon.o
 .debug_str     0x000002e9        0x6 build/default/production/_ext/1271179505/sys_devcon_pic32mx.o
 .debug_str     0x000002ef      0x154 build/default/production/_ext/65930274/sys_dma.o
 .debug_str     0x00000443       0x2d build/default/production/_ext/122796885/sys_int_pic32.o
 .debug_str     0x00000470       0x98 build/default/production/_ext/77319752/sys_ports.o
 .debug_str     0x00000508        0x0 c:/program files (x86)/microchip/xc32/v1.44/bin/bin/../../lib/gcc/pic32mx/4.8.3/../../../../pic32mx/lib\libpic32.a(default-bootstrap-exception-handler.o)
 .debug_str     0x00000508        0x0 c:/program files (x86)/microchip/xc32/v1.44/bin/bin/../../lib/gcc/pic32mx/4.8.3/../../../../pic32mx/lib\libpic32.a(default-on-reset.o)
 .debug_str     0x00000508        0x0 c:/program files (x86)/microchip/xc32/v1.44/bin/bin/../../lib/gcc/pic32mx/4.8.3/../../../../pic32mx/lib\libpic32.a(default-on-bootstrap.o)
 .debug_str     0x00000508        0x0 c:/program files (x86)/microchip/xc32/v1.44/bin/bin/../../lib/gcc/pic32mx/4.8.3/../../../../pic32mx/lib\libpic32.a(defaultinterrupt.o)

.debug_loc      0x00000000     0x68e3
 *(.debug_loc)
 .debug_loc     0x00000000       0x49 build/default/production/_ext/639803181/sys_clk_static.o
 .debug_loc     0x00000049       0x21 build/default/production/_ext/1688732426/system_init.o
 .debug_loc     0x0000006a       0x14 build/default/production/_ext/1360937237/app.o
 .debug_loc     0x0000007e      0x12f build/default/production/_ext/1360937237/playtune.o
 .debug_loc     0x000001ad       0xa6 build/default/production/_ext/1360937237/main.o
 .debug_loc     0x00000253     0x4090 build/default/production/_ext/118685767/drv_i2s.o
 .debug_loc     0x000042e3       0xf0 build/default/production/_ext/1271179505/sys_devcon.o
 .debug_loc     0x000043d3       0x91 build/default/production/_ext/1271179505/sys_devcon_pic32mx.o
 .debug_loc     0x00004464     0x1543 build/default/production/_ext/65930274/sys_dma.o
 .debug_loc     0x000059a7       0x8d build/default/production/_ext/122796885/sys_int_pic32.o
 .debug_loc     0x00005a34      0xe83 build/default/production/_ext/77319752/sys_ports.o
 .debug_loc     0x000068b7       0x2c c:/program files (x86)/microchip/xc32/v1.44/bin/bin/../../lib/gcc/pic32mx/4.8.3/../../../../pic32mx/lib\libpic32.a(default-bootstrap-exception-handler.o)

.debug_macinfo
 *(.debug_macinfo)

.debug_weaknames
 *(.debug_weaknames)

.debug_funcnames
 *(.debug_funcnames)

.debug_typenames
 *(.debug_typenames)

.debug_varnames
 *(.debug_varnames)

.debug_pubtypes
 *(.debug_pubtypes)

.debug_ranges   0x00000000     0x15c0
 *(.debug_ranges)
 .debug_ranges  0x00000000       0x40 build/default/production/_ext/639803181/sys_clk_static.o
 .debug_ranges  0x00000040       0x10 build/default/production/_ext/822048611/sys_ports_static.o
 .debug_ranges  0x00000050       0x10 build/default/production/_ext/1688732426/system_init.o
 .debug_ranges  0x00000060       0x20 build/default/production/_ext/1688732426/system_interrupt.o
 .debug_ranges  0x00000080       0x10 build/default/production/_ext/1688732426/system_exceptions.o
 .debug_ranges  0x00000090       0x10 build/default/production/_ext/1688732426/system_tasks.o
 .debug_ranges  0x000000a0       0x18 build/default/production/_ext/1360937237/app.o
 .debug_ranges  0x000000b8       0x28 build/default/production/_ext/1360937237/playtune.o
 .debug_ranges  0x000000e0       0x38 build/default/production/_ext/1360937237/main.o
 .debug_ranges  0x00000118     0x10c0 build/default/production/_ext/118685767/drv_i2s.o
 .debug_ranges  0x000011d8       0x68 build/default/production/_ext/1271179505/sys_devcon.o
 .debug_ranges  0x00001240       0x10 build/default/production/_ext/1271179505/sys_devcon_pic32mx.o
 .debug_ranges  0x00001250      0x1f0 build/default/production/_ext/65930274/sys_dma.o
 .debug_ranges  0x00001440       0x50 build/default/production/_ext/122796885/sys_int_pic32.o
 .debug_ranges  0x00001490       0xf0 build/default/production/_ext/77319752/sys_ports.o
 .debug_ranges  0x00001580       0x10 c:/program files (x86)/microchip/xc32/v1.44/bin/bin/../../lib/gcc/pic32mx/4.8.3/../../../../pic32mx/lib\libpic32.a(default-bootstrap-exception-handler.o)
 .debug_ranges  0x00001590       0x10 c:/program files (x86)/microchip/xc32/v1.44/bin/bin/../../lib/gcc/pic32mx/4.8.3/../../../../pic32mx/lib\libpic32.a(default-on-reset.o)
 .debug_ranges  0x000015a0       0x10 c:/program files (x86)/microchip/xc32/v1.44/bin/bin/../../lib/gcc/pic32mx/4.8.3/../../../../pic32mx/lib\libpic32.a(default-on-bootstrap.o)
 .debug_ranges  0x000015b0       0x10 c:/program files (x86)/microchip/xc32/v1.44/bin/bin/../../lib/gcc/pic32mx/4.8.3/../../../../pic32mx/lib\libpic32.a(defaultinterrupt.o)

.gnu.attributes
                0x00000000       0x10
 *(.gnu.attributes)
 .gnu.attributes
                0x00000000       0x10 build/default/production/_ext/639803181/sys_clk_static.o
 .gnu.attributes
                0x00000010       0x10 build/default/production/_ext/822048611/sys_ports_static.o
 .gnu.attributes
                0x00000020       0x10 build/default/production/_ext/1688732426/system_init.o
 .gnu.attributes
                0x00000030       0x10 build/default/production/_ext/1688732426/system_interrupt.o
 .gnu.attributes
                0x00000040       0x10 build/default/production/_ext/1688732426/system_exceptions.o
 .gnu.attributes
                0x00000050       0x10 build/default/production/_ext/1688732426/system_tasks.o
 .gnu.attributes
                0x00000060       0x10 build/default/production/_ext/1360937237/app.o
 .gnu.attributes
                0x00000070       0x10 build/default/production/_ext/1360937237/playtune.o
 .gnu.attributes
                0x00000080       0x10 build/default/production/_ext/1360937237/main.o
 .gnu.attributes
                0x00000090       0x10 build/default/production/_ext/118685767/drv_i2s.o
 .gnu.attributes
                0x000000a0       0x10 build/default/production/_ext/1271179505/sys_devcon.o
 .gnu.attributes
                0x000000b0       0x10 build/default/production/_ext/1271179505/sys_devcon_pic32mx.o
 .gnu.attributes
                0x000000c0       0x10 build/default/production/_ext/65930274/sys_dma.o
 .gnu.attributes
                0x000000d0       0x10 build/default/production/_ext/122796885/sys_int_pic32.o
 .gnu.attributes
                0x000000e0       0x10 build/default/production/_ext/77319752/sys_ports.o
 .gnu.attributes
                0x000000f0       0x10 c:/program files (x86)/microchip/xc32/v1.44/bin/bin/../../lib/gcc/pic32mx/4.8.3/../../../../pic32mx/lib\libpic32.a(default-bootstrap-exception-handler.o)
 .gnu.attributes
                0x00000100       0x10 c:/program files (x86)/microchip/xc32/v1.44/bin/bin/../../lib/gcc/pic32mx/4.8.3/../../../../pic32mx/lib\libpic32.a(default-on-reset.o)
 .gnu.attributes
                0x00000110       0x10 c:/program files (x86)/microchip/xc32/v1.44/bin/bin/../../lib/gcc/pic32mx/4.8.3/../../../../pic32mx/lib\libpic32.a(default-on-bootstrap.o)
 .gnu.attributes
                0x00000120       0x10 c:/program files (x86)/microchip/xc32/v1.44/bin/bin/../../lib/gcc/pic32mx/4.8.3/../../../../pic32mx/lib\libpic32.a(defaultinterrupt.o)
LOAD c:/program files (x86)/microchip/xc32/v1.44/bin/bin/../../lib/gcc/pic32mx/4.8.3\libgcc.a
START GROUP
LOAD c:/program files (x86)/microchip/xc32/v1.44/bin/bin/../../lib/gcc/pic32mx/4.8.3/../../../../pic32mx/lib\libpic32.a
LOAD c:/program files (x86)/microchip/xc32/v1.44/bin/bin/../../lib/gcc/pic32mx/4.8.3/../../../../pic32mx/lib\libdebug.a
LOAD c:/program files (x86)/microchip/xc32/v1.44/bin/bin/../../lib/gcc/pic32mx/4.8.3/../../../../pic32mx/lib\libpic32.a
LOAD c:/program files (x86)/microchip/xc32/v1.44/bin/bin/../../lib/gcc/pic32mx/4.8.3/../../../../pic32mx/lib\libc.a
LOAD c:/program files (x86)/microchip/xc32/v1.44/bin/bin/../../lib/gcc/pic32mx/4.8.3/../../../../pic32mx/lib\libc.a
LOAD c:/program files (x86)/microchip/xc32/v1.44/bin/bin/../../lib/gcc/pic32mx/4.8.3/../../../../pic32mx/lib\libm.a
LOAD c:/program files (x86)/microchip/xc32/v1.44/bin/bin/../../lib/gcc/pic32mx/4.8.3/../../../../pic32mx/lib\libe.a
LOAD c:/program files (x86)/microchip/xc32/v1.44/bin/bin/../../lib/gcc/pic32mx/4.8.3/../../../../pic32mx/lib\libdsp.a
LOAD c:/program files (x86)/microchip/xc32/v1.44/bin/bin/../../lib/gcc/pic32mx/4.8.3\libgcc.a
LOAD c:/program files (x86)/microchip/xc32/v1.44/bin/bin/../../lib/gcc/pic32mx/4.8.3/../../../../pic32mx/lib\libpic32.a
END GROUP
LOAD c:/program files (x86)/microchip/xc32/v1.44/bin/bin/../../lib/gcc/pic32mx/4.8.3\libgcc.a
OUTPUT(dist/default/production/sk1632-i2s-dma-pcm5102.X.production.elf elf32-tradlittlemips)
LOAD stack
LOAD data_init

.reginfo        0x00000000       0x18
 .reginfo       0x00000000       0x18 c:/program files (x86)/microchip/xc32/v1.44/bin/bin/../../lib/gcc/pic32mx/4.8.3/../../../../pic32mx/lib/./proc/32MX250F128B/crt0_mips32r2.o

.stack          0xa0001438      0x400
 .stack         0xa0001438      0x400 stack

.data           0xa0001204      0x218
 .data          0xa0001204      0x218 build/default/production/_ext/1360937237/playtune.o
                0xa0001204                coeff_a_fp
                0xa0001210                coeff_b_fp
                0xa000121c                envelope_d

._debug_exception
                0xbfc00480       0x2c
 ._debug_exception
                0xbfc00480       0x2c c:/program files (x86)/microchip/xc32/v1.44/bin/bin/../../lib/gcc/pic32mx/4.8.3/../../../../pic32mx/lib\debug-exception-return.o
                0xbfc00480                __DbgExecReturn

.rodata         0x9d000000     0x7640
 .rodata        0x9d000000     0x7640 build/default/production/_ext/1360937237/playtune.o
                0x9d000000                tuningWords
                0x9d000200                songData1
                0x9d003640                wavetable
                0x9d005640                envelope

.text.DRV_I2S_Initialize
                0x9d007640      0xca4
 .text.DRV_I2S_Initialize
                0x9d007640      0xca4 build/default/production/_ext/118685767/drv_i2s.o
                0x9d007640                DRV_I2S_Initialize

.text.channel1_generate
                0x9d0082e4      0x548
 .text.channel1_generate
                0x9d0082e4      0x548 build/default/production/_ext/1360937237/playtune.o
                0x9d0082e4                channel1_generate

.dinit          0x9d00882c      0x2c0
 .dinit         0x9d00882c      0x2c0 data_init

.text.updateNote
                0x9d008aec      0x264
 .text.updateNote
                0x9d008aec      0x264 build/default/production/_ext/1360937237/playtune.o
                0x9d008aec                updateNote

.text.i2s_init_DMA
                0x9d008d50      0x1ec
 .text.i2s_init_DMA
                0x9d008d50      0x1ec build/default/production/_ext/1360937237/main.o
                0x9d008d50                i2s_init_DMA

.text.main      0x9d008f3c      0x1cc
 .text.main     0x9d008f3c      0x1cc build/default/production/_ext/1360937237/main.o
                0x9d008f3c                main

.rodata         0x9d009108      0x128
 .rodata        0x9d009108      0x128 build/default/production/_ext/1688732426/system_exceptions.o

.text.init_i2s1
                0x9d009230      0x120
 .text.init_i2s1
                0x9d009230      0x120 build/default/production/_ext/1360937237/main.o
                0x9d009230                init_i2s1

.text.SYS_Initialize
                0x9d009350       0xec
 .text.SYS_Initialize
                0x9d009350       0xec build/default/production/_ext/1688732426/system_init.o
                0x9d009350                SYS_Initialize

.text.SYS_PORTS_Initialize
                0x9d00943c       0xdc
 .text.SYS_PORTS_Initialize
                0x9d00943c       0xdc build/default/production/_ext/822048611/sys_ports_static.o
                0x9d00943c                SYS_PORTS_Initialize

.text.general_exception
                0x9d009518       0xdc
 .text.general_exception
                0x9d009518       0xdc c:/program files (x86)/microchip/xc32/v1.44/bin/bin/../../lib/gcc/pic32mx/4.8.3/../../../../pic32mx/lib\libpic32.a(general-exception.o)
                0x9d009518                _general_exception_context

.text._IntHandlerTimer3
                0x9d0095f4       0xb4
 .text._IntHandlerTimer3
                0x9d0095f4       0xb4 build/default/production/_ext/1360937237/playtune.o
                0x9d0095f4                _IntHandlerTimer3

.text.timer3_init
                0x9d0096a8       0xb4
 .text.timer3_init
                0x9d0096a8       0xb4 build/default/production/_ext/1360937237/main.o
                0x9d0096a8                timer3_init

.text._IntHandlerSysDmaCh0
                0x9d00975c       0x8c
 .text._IntHandlerSysDmaCh0
                0x9d00975c       0x8c build/default/production/_ext/1688732426/system_interrupt.o
                0x9d00975c                _IntHandlerSysDmaCh0

.text._IntHandlerSysDmaCh1
                0x9d0097e8       0x8c
 .text._IntHandlerSysDmaCh1
                0x9d0097e8       0x8c build/default/production/_ext/1688732426/system_interrupt.o
                0x9d0097e8                _IntHandlerSysDmaCh1

.text.SYS_CLK_Initialize
                0x9d009874       0x7c
 .text.SYS_CLK_Initialize
                0x9d009874       0x7c build/default/production/_ext/639803181/sys_clk_static.o
                0x9d009874                SYS_CLK_Initialize

.text.SYS_DMA_Initialize
                0x9d0098f0       0x78
 .text.SYS_DMA_Initialize
                0x9d0098f0       0x78 build/default/production/_ext/65930274/sys_dma.o
                0x9d0098f0                SYS_DMA_Initialize

.text._IntHandlerDrvI2SInstance0
                0x9d009968       0x74
 .text._IntHandlerDrvI2SInstance0
                0x9d009968       0x74 build/default/production/_ext/1688732426/system_interrupt.o
                0x9d009968                _IntHandlerDrvI2SInstance0

.rodata         0x9d0099dc       0x64
 .rodata        0x9d0099dc       0x64 build/default/production/_ext/1688732426/system_init.o
                0x9d0099dc                sysDmaInit
                0x9d0099e0                sysDevconInit
                0x9d0099e4                drvI2S0InitData

.text.SYS_DEVCON_SystemUnlock
                0x9d009a40       0x58
 .text.SYS_DEVCON_SystemUnlock
                0x9d009a40       0x58 build/default/production/_ext/1271179505/sys_devcon.o
                0x9d009a40                SYS_DEVCON_SystemUnlock

.text.SYS_DEVCON_PerformanceConfig
                0x9d009a98       0x58
 .text.SYS_DEVCON_PerformanceConfig
                0x9d009a98       0x58 build/default/production/_ext/1271179505/sys_devcon_pic32mx.o
                0x9d009a98                SYS_DEVCON_PerformanceConfig

.text.main_entry
                0x9d009af0       0x54
 .text.main_entry
                0x9d009af0       0x54 c:/program files (x86)/microchip/xc32/v1.44/bin/bin/../../lib/gcc/pic32mx/4.8.3/../../../../pic32mx/lib/./proc/32MX250F128B/crt0_mips32r2.o
                0x9d009b24                __crt0_exit

.text.delay_ms  0x9d009b44       0x4c
 .text.delay_ms
                0x9d009b44       0x4c build/default/production/_ext/1360937237/main.o
                0x9d009b44                delay_ms

.text.SYS_DEVCON_SystemLock
                0x9d009b90       0x48
 .text.SYS_DEVCON_SystemLock
                0x9d009b90       0x48 build/default/production/_ext/1271179505/sys_devcon.o
                0x9d009b90                SYS_DEVCON_SystemLock

.text._bootstrap_exception_handler
                0x9d009bd8       0x48
 .text._bootstrap_exception_handler
                0x9d009bd8       0x48 c:/program files (x86)/microchip/xc32/v1.44/bin/bin/../../lib/gcc/pic32mx/4.8.3/../../../../pic32mx/lib\libpic32.a(default-bootstrap-exception-handler.o)
                0x9d009bd8                _bootstrap_exception_handler

.vector_default
                0x9d009c20       0x48
 .vector_default
                0x9d009c20       0x48 c:/program files (x86)/microchip/xc32/v1.44/bin/bin/../../lib/gcc/pic32mx/4.8.3/../../../../pic32mx/lib\libpic32.a(defaultinterrupt.o)
                0x9d009c20                _DefaultInterrupt

.text           0x9d009c68       0x44
 .text          0x9d009c68       0x44 c:/program files (x86)/microchip/xc32/v1.44/bin/bin/../../lib/gcc/pic32mx/4.8.3/../../../../pic32mx/lib\pic32_software_reset.o
                0x9d009c68                __pic32_software_reset

.text._general_exception_handler
                0x9d009cac       0x40
 .text._general_exception_handler
                0x9d009cac       0x40 build/default/production/_ext/1688732426/system_exceptions.o
                0x9d009cac                _general_exception_handler

.text.SYS_INT_Initialize
                0x9d009cec       0x18
 .text.SYS_INT_Initialize
                0x9d009cec       0x18 build/default/production/_ext/122796885/sys_int_pic32.o
                0x9d009cec                SYS_INT_Initialize

.text           0x9d009d04       0x18
 .text          0x9d009d04       0x18 c:/program files (x86)/microchip/xc32/v1.44/bin/bin/../../lib/gcc/pic32mx/4.8.3/../../../../pic32mx/lib\libpic32.a(default-nmi-handler.o)
                0x9d009d04                _nmi_handler

.text.SYS_DEVCON_Initialize
                0x9d009d1c       0x14
 .text.SYS_DEVCON_Initialize
                0x9d009d1c       0x14 build/default/production/_ext/1271179505/sys_devcon.o
                0x9d009d1c                SYS_DEVCON_Initialize

.text.SYS_CLK_SystemFrequencyGet
                0x9d009d30        0xc
 .text.SYS_CLK_SystemFrequencyGet
                0x9d009d30        0xc build/default/production/_ext/639803181/sys_clk_static.o
                0x9d009d30                SYS_CLK_SystemFrequencyGet

.text.APP_Initialize
                0x9d009d3c        0x8
 .text.APP_Initialize
                0x9d009d3c        0x8 build/default/production/_ext/1360937237/app.o
                0x9d009d3c                APP_Initialize

.text._on_reset
                0x9d009d44        0x8
 .text._on_reset
                0x9d009d44        0x8 c:/program files (x86)/microchip/xc32/v1.44/bin/bin/../../lib/gcc/pic32mx/4.8.3/../../../../pic32mx/lib\libpic32.a(default-on-reset.o)
                0x9d009d44                _on_reset

.text._on_bootstrap
                0x9d009d4c        0x8
 .text._on_bootstrap
                0x9d009d4c        0x8 c:/program files (x86)/microchip/xc32/v1.44/bin/bin/../../lib/gcc/pic32mx/4.8.3/../../../../pic32mx/lib\libpic32.a(default-on-bootstrap.o)
                0x9d009d4c                _on_bootstrap
